FF                                                                       [100%]
================================== FAILURES ===================================
______ test_git_environment_cannot_hide_real_index_mode[GIT_INDEX_FILE] _______

layout = (WindowsPath('C:/Users/reiko/AppData/Local/Temp/pytest-of-reiko/pytest-958/test_git_environment_cannot_hi0/consumer'), WindowsPath('C:/Users/reiko/AppData/Local/Temp/pytest-of-reiko/pytest-958/test_git_environment_cannot_hi0/framework'))
monkeypatch = <_pytest.monkeypatch.MonkeyPatch object at 0x0000023587B35940>
override = 'GIT_INDEX_FILE'

    @pytest.mark.parametrize('override', ['GIT_INDEX_FILE', 'GIT_DIR'])
    def test_git_environment_cannot_hide_real_index_mode(layout, monkeypatch, override):
        repo, framework = layout
        clean_git = repo.parent / 'clean-git'
        shutil.copytree(repo / '.git', clean_git)
        blob = git(repo, 'rev-parse', ':' + composition.GATE).decode().strip()
        git(repo, 'update-index', '--cacheinfo', f'120000,{blob},{composition.GATE}')
        assert git(repo, 'ls-files', '--stage', composition.GATE).startswith(b'120000 ')
        monkeypatch.setenv(override, str(clean_git / 'index' if override == 'GIT_INDEX_FILE' else clean_git))
>       with pytest.raises(composition.CompositionError):
             ^^^^^^^^^^^^^^^^^^^^^^^^^^^^^^^^^^^^^^^^^^^
E       Failed: DID NOT RAISE <class 'governance_tools.composed_hook.CompositionError'>

tests\test_composed_hook.py:306: Failed
__________ test_git_environment_cannot_hide_real_index_mode[GIT_DIR] __________

layout = (WindowsPath('C:/Users/reiko/AppData/Local/Temp/pytest-of-reiko/pytest-958/test_git_environment_cannot_hi1/consumer'), WindowsPath('C:/Users/reiko/AppData/Local/Temp/pytest-of-reiko/pytest-958/test_git_environment_cannot_hi1/framework'))
monkeypatch = <_pytest.monkeypatch.MonkeyPatch object at 0x0000023587B34C30>
override = 'GIT_DIR'

    @pytest.mark.parametrize('override', ['GIT_INDEX_FILE', 'GIT_DIR'])
    def test_git_environment_cannot_hide_real_index_mode(layout, monkeypatch, override):
        repo, framework = layout
        clean_git = repo.parent / 'clean-git'
        shutil.copytree(repo / '.git', clean_git)
        blob = git(repo, 'rev-parse', ':' + composition.GATE).decode().strip()
        git(repo, 'update-index', '--cacheinfo', f'120000,{blob},{composition.GATE}')
        assert git(repo, 'ls-files', '--stage', composition.GATE).startswith(b'120000 ')
        monkeypatch.setenv(override, str(clean_git / 'index' if override == 'GIT_INDEX_FILE' else clean_git))
>       with pytest.raises(composition.CompositionError):
             ^^^^^^^^^^^^^^^^^^^^^^^^^^^^^^^^^^^^^^^^^^^
E       Failed: DID NOT RAISE <class 'governance_tools.composed_hook.CompositionError'>

tests\test_composed_hook.py:306: Failed
=========================== short test summary info ===========================
FAILED tests/test_composed_hook.py::test_git_environment_cannot_hide_real_index_mode[GIT_INDEX_FILE]
FAILED tests/test_composed_hook.py::test_git_environment_cannot_hide_real_index_mode[GIT_DIR]
2 failed, 37 deselected in 5.14s
