Collecting cryptography==50.0.1 (from -r requirements.txt (line 6))
  Downloading cryptography-50.0.1-cp311-abi3-win_amd64.whl.metadata (4.3 kB)
Collecting pytest<10.0,>=9.0 (from -r requirements.txt (line 7))
  Using cached pytest-9.1.1-py3-none-any.whl.metadata (7.6 kB)
Collecting pyyaml>=6.0 (from -r requirements.txt (line 8))
  Using cached pyyaml-6.0.3-cp312-cp312-win_amd64.whl.metadata (2.4 kB)
Collecting jsonschema<5.0,>=4.23 (from -r requirements.txt (line 9))
  Using cached jsonschema-4.26.0-py3-none-any.whl.metadata (7.6 kB)
Collecting fastapi<1.0,>=0.115 (from -r requirements.txt (line 10))
  Using cached fastapi-0.141.1-py3-none-any.whl.metadata (27 kB)
Collecting uvicorn<1.0,>=0.30 (from -r requirements.txt (line 11))
  Using cached uvicorn-0.52.4-py3-none-any.whl.metadata (6.6 kB)
Collecting tuf==7.0.0 (from -r requirements.txt (line 14))
  Using cached tuf-7.0.0-py3-none-any.whl.metadata (8.1 kB)
Collecting cffi>=2.0.0 (from cryptography==50.0.1->-r requirements.txt (line 6))
  Using cached cffi-2.1.1-cp312-cp312-win_amd64.whl.metadata (2.6 kB)
Collecting securesystemslib~=1.0 (from tuf==7.0.0->-r requirements.txt (line 14))
  Downloading securesystemslib-1.5.1-py3-none-any.whl.metadata (4.9 kB)
Collecting urllib3<3,>=1.21.1 (from tuf==7.0.0->-r requirements.txt (line 14))
  Using cached urllib3-2.7.0-py3-none-any.whl.metadata (6.9 kB)
Collecting colorama>=0.4 (from pytest<10.0,>=9.0->-r requirements.txt (line 7))
  Using cached colorama-0.4.6-py2.py3-none-any.whl.metadata (17 kB)
Collecting iniconfig>=1.0.1 (from pytest<10.0,>=9.0->-r requirements.txt (line 7))
  Using cached iniconfig-2.3.0-py3-none-any.whl.metadata (2.5 kB)
Collecting packaging>=22 (from pytest<10.0,>=9.0->-r requirements.txt (line 7))
  Using cached packaging-26.3-py3-none-any.whl.metadata (3.5 kB)
Collecting pluggy<2,>=1.5 (from pytest<10.0,>=9.0->-r requirements.txt (line 7))
  Using cached pluggy-1.6.0-py3-none-any.whl.metadata (4.8 kB)
Collecting pygments>=2.7.2 (from pytest<10.0,>=9.0->-r requirements.txt (line 7))
  Using cached pygments-2.21.0-py3-none-any.whl.metadata (2.5 kB)
Collecting attrs>=22.2.0 (from jsonschema<5.0,>=4.23->-r requirements.txt (line 9))
  Using cached attrs-26.1.0-py3-none-any.whl.metadata (8.8 kB)
Collecting jsonschema-specifications>=2023.03.6 (from jsonschema<5.0,>=4.23->-r requirements.txt (line 9))
  Using cached jsonschema_specifications-2025.9.1-py3-none-any.whl.metadata (2.9 kB)
Collecting referencing>=0.28.4 (from jsonschema<5.0,>=4.23->-r requirements.txt (line 9))
  Using cached referencing-0.37.0-py3-none-any.whl.metadata (2.8 kB)
Collecting rpds-py>=0.25.0 (from jsonschema<5.0,>=4.23->-r requirements.txt (line 9))
  Using cached rpds_py-2026.6.3-cp312-cp312-win_amd64.whl.metadata (4.2 kB)
Collecting starlette>=0.46.0 (from fastapi<1.0,>=0.115->-r requirements.txt (line 10))
  Using cached starlette-1.6.0-py3-none-any.whl.metadata (6.4 kB)
Collecting pydantic>=2.9.0 (from fastapi<1.0,>=0.115->-r requirements.txt (line 10))
  Downloading pydantic-2.13.5-py3-none-any.whl.metadata (110 kB)
Collecting typing-extensions>=4.8.0 (from fastapi<1.0,>=0.115->-r requirements.txt (line 10))
  Using cached typing_extensions-4.16.0-py3-none-any.whl.metadata (3.3 kB)
Collecting typing-inspection>=0.4.2 (from fastapi<1.0,>=0.115->-r requirements.txt (line 10))
  Using cached typing_inspection-0.4.4-py3-none-any.whl.metadata (2.6 kB)
Collecting annotated-doc>=0.0.2 (from fastapi<1.0,>=0.115->-r requirements.txt (line 10))
  Using cached annotated_doc-0.0.5-py3-none-any.whl.metadata (6.5 kB)
Collecting click>=7.0 (from uvicorn<1.0,>=0.30->-r requirements.txt (line 11))
  Downloading click-8.5.0-py3-none-any.whl.metadata (2.6 kB)
Collecting h11>=0.8 (from uvicorn<1.0,>=0.30->-r requirements.txt (line 11))
  Using cached h11-0.16.0-py3-none-any.whl.metadata (8.3 kB)
Collecting pycparser (from cffi>=2.0.0->cryptography==50.0.1->-r requirements.txt (line 6))
  Using cached pycparser-3.0-py3-none-any.whl.metadata (8.2 kB)
Collecting annotated-types>=0.6.0 (from pydantic>=2.9.0->fastapi<1.0,>=0.115->-r requirements.txt (line 10))
  Using cached annotated_types-0.8.0-py3-none-any.whl.metadata (15 kB)
Collecting pydantic-core==2.46.5 (from pydantic>=2.9.0->fastapi<1.0,>=0.115->-r requirements.txt (line 10))
  Downloading pydantic_core-2.46.5-cp312-cp312-win_amd64.whl.metadata (6.7 kB)
Collecting anyio<5,>=3.6.2 (from starlette>=0.46.0->fastapi<1.0,>=0.115->-r requirements.txt (line 10))
  Downloading anyio-4.15.1-py3-none-any.whl.metadata (4.7 kB)
Collecting idna>=2.8 (from anyio<5,>=3.6.2->starlette>=0.46.0->fastapi<1.0,>=0.115->-r requirements.txt (line 10))
  Using cached idna-3.19-py3-none-any.whl.metadata (9.2 kB)
Would install PyYAML-6.0.3 Pygments-2.21.0 annotated-doc-0.0.5 annotated-types-0.8.0 anyio-4.15.1 attrs-26.1.0 cffi-2.1.1 click-8.5.0 colorama-0.4.6 cryptography-50.0.1 fastapi-0.141.1 h11-0.16.0 idna-3.19 iniconfig-2.3.0 jsonschema-4.26.0 jsonschema-specifications-2025.9.1 packaging-26.3 pluggy-1.6.0 pycparser-3.0 pydantic-2.13.5 pydantic_core-2.46.5 pytest-9.1.1 referencing-0.37.0 rpds-py-2026.6.3 securesystemslib-1.5.1 starlette-1.6.0 tuf-7.0.0 typing-inspection-0.4.4 typing_extensions-4.16.0 urllib3-2.7.0 uvicorn-0.52.4

[notice] A new release of pip is available: 26.1.1 -> 26.2.1
[notice] To update, run: D:\ai-governance-framework\.venv\Scripts\python.exe -m pip install --upgrade pip
